Archive member included to satisfy reference by file (symbol)

e:/st/stm32cubeide_1.6.1/stm32cubeide/plugins/com.st.stm32cube.ide.mcu.externaltools.gnu-tools-for-stm32.9-2020-q2-update.win32_2.0.0.202105311346/tools/bin/../lib/gcc/arm-none-eabi/9.3.1/../../../../arm-none-eabi/lib/thumb/v7-m/nofp\libc_nano.a(lib_a-errno.o)
                              ./Core/Src/syscalls.o (__errno)
e:/st/stm32cubeide_1.6.1/stm32cubeide/plugins/com.st.stm32cube.ide.mcu.externaltools.gnu-tools-for-stm32.9-2020-q2-update.win32_2.0.0.202105311346/tools/bin/../lib/gcc/arm-none-eabi/9.3.1/../../../../arm-none-eabi/lib/thumb/v7-m/nofp\libc_nano.a(lib_a-exit.o)
                              e:/st/stm32cubeide_1.6.1/stm32cubeide/plugins/com.st.stm32cube.ide.mcu.externaltools.gnu-tools-for-stm32.9-2020-q2-update.win32_2.0.0.202105311346/tools/bin/../lib/gcc/arm-none-eabi/9.3.1/../../../../arm-none-eabi/lib/thumb/v7-m/nofp/crt0.o (exit)
e:/st/stm32cubeide_1.6.1/stm32cubeide/plugins/com.st.stm32cube.ide.mcu.externaltools.gnu-tools-for-stm32.9-2020-q2-update.win32_2.0.0.202105311346/tools/bin/../lib/gcc/arm-none-eabi/9.3.1/../../../../arm-none-eabi/lib/thumb/v7-m/nofp\libc_nano.a(lib_a-impure.o)
                              e:/st/stm32cubeide_1.6.1/stm32cubeide/plugins/com.st.stm32cube.ide.mcu.externaltools.gnu-tools-for-stm32.9-2020-q2-update.win32_2.0.0.202105311346/tools/bin/../lib/gcc/arm-none-eabi/9.3.1/../../../../arm-none-eabi/lib/thumb/v7-m/nofp\libc_nano.a(lib_a-exit.o) (_global_impure_ptr)
e:/st/stm32cubeide_1.6.1/stm32cubeide/plugins/com.st.stm32cube.ide.mcu.externaltools.gnu-tools-for-stm32.9-2020-q2-update.win32_2.0.0.202105311346/tools/bin/../lib/gcc/arm-none-eabi/9.3.1/../../../../arm-none-eabi/lib/thumb/v7-m/nofp\libc_nano.a(lib_a-init.o)
                              e:/st/stm32cubeide_1.6.1/stm32cubeide/plugins/com.st.stm32cube.ide.mcu.externaltools.gnu-tools-for-stm32.9-2020-q2-update.win32_2.0.0.202105311346/tools/bin/../lib/gcc/arm-none-eabi/9.3.1/../../../../arm-none-eabi/lib/thumb/v7-m/nofp/crt0.o (__libc_init_array)
e:/st/stm32cubeide_1.6.1/stm32cubeide/plugins/com.st.stm32cube.ide.mcu.externaltools.gnu-tools-for-stm32.9-2020-q2-update.win32_2.0.0.202105311346/tools/bin/../lib/gcc/arm-none-eabi/9.3.1/../../../../arm-none-eabi/lib/thumb/v7-m/nofp\libc_nano.a(lib_a-memset.o)
                              e:/st/stm32cubeide_1.6.1/stm32cubeide/plugins/com.st.stm32cube.ide.mcu.externaltools.gnu-tools-for-stm32.9-2020-q2-update.win32_2.0.0.202105311346/tools/bin/../lib/gcc/arm-none-eabi/9.3.1/../../../../arm-none-eabi/lib/thumb/v7-m/nofp/crt0.o (memset)

Allocating common symbols
Common symbol       size              file

uwTick              0x4               ./Drivers/STM32F1xx_HAL_Driver/Src/stm32f1xx_hal.o
pFlash              0x20              ./Drivers/STM32F1xx_HAL_Driver/Src/stm32f1xx_hal_flash.o
huart1              0x44              ./Core/Src/main.o
hspi1               0x58              ./Core/Src/main.o

Discarded input sections

 .text          0x0000000000000000        0x0 e:/st/stm32cubeide_1.6.1/stm32cubeide/plugins/com.st.stm32cube.ide.mcu.externaltools.gnu-tools-for-stm32.9-2020-q2-update.win32_2.0.0.202105311346/tools/bin/../lib/gcc/arm-none-eabi/9.3.1/thumb/v7-m/nofp/crti.o
 .data          0x0000000000000000        0x0 e:/st/stm32cubeide_1.6.1/stm32cubeide/plugins/com.st.stm32cube.ide.mcu.externaltools.gnu-tools-for-stm32.9-2020-q2-update.win32_2.0.0.202105311346/tools/bin/../lib/gcc/arm-none-eabi/9.3.1/thumb/v7-m/nofp/crti.o
 .bss           0x0000000000000000        0x0 e:/st/stm32cubeide_1.6.1/stm32cubeide/plugins/com.st.stm32cube.ide.mcu.externaltools.gnu-tools-for-stm32.9-2020-q2-update.win32_2.0.0.202105311346/tools/bin/../lib/gcc/arm-none-eabi/9.3.1/thumb/v7-m/nofp/crti.o
 .data          0x0000000000000000        0x4 e:/st/stm32cubeide_1.6.1/stm32cubeide/plugins/com.st.stm32cube.ide.mcu.externaltools.gnu-tools-for-stm32.9-2020-q2-update.win32_2.0.0.202105311346/tools/bin/../lib/gcc/arm-none-eabi/9.3.1/thumb/v7-m/nofp/crtbegin.o
 .text          0x0000000000000000       0x7c e:/st/stm32cubeide_1.6.1/stm32cubeide/plugins/com.st.stm32cube.ide.mcu.externaltools.gnu-tools-for-stm32.9-2020-q2-update.win32_2.0.0.202105311346/tools/bin/../lib/gcc/arm-none-eabi/9.3.1/../../../../arm-none-eabi/lib/thumb/v7-m/nofp/crt0.o
 .data          0x0000000000000000        0x0 e:/st/stm32cubeide_1.6.1/stm32cubeide/plugins/com.st.stm32cube.ide.mcu.externaltools.gnu-tools-for-stm32.9-2020-q2-update.win32_2.0.0.202105311346/tools/bin/../lib/gcc/arm-none-eabi/9.3.1/../../../../arm-none-eabi/lib/thumb/v7-m/nofp/crt0.o
 .bss           0x0000000000000000        0x0 e:/st/stm32cubeide_1.6.1/stm32cubeide/plugins/com.st.stm32cube.ide.mcu.externaltools.gnu-tools-for-stm32.9-2020-q2-update.win32_2.0.0.202105311346/tools/bin/../lib/gcc/arm-none-eabi/9.3.1/../../../../arm-none-eabi/lib/thumb/v7-m/nofp/crt0.o
[...]
Memory Configuration

Name             Origin             Length             Attributes
RAM              0x0000000020000000 0x0000000000005000 xrw
FLASH            0x0000000008000000 0x0000000000010000 xr
*default*        0x0000000000000000 0xffffffffffffffff

Linker script and memory map

LOAD e:/st/stm32cubeide_1.6.1/stm32cubeide/plugins/com.st.stm32cube.ide.mcu.externaltools.gnu-tools-for-stm32.9-2020-q2-update.win32_2.0.0.202105311346/tools/bin/../lib/gcc/arm-none-eabi/9.3.1/thumb/v7-m/nofp/crti.o
LOAD e:/st/stm32cubeide_1.6.1/stm32cubeide/plugins/com.st.stm32cube.ide.mcu.externaltools.gnu-tools-for-stm32.9-2020-q2-update.win32_2.0.0.202105311346/tools/bin/../lib/gcc/arm-none-eabi/9.3.1/thumb/v7-m/nofp/crtbegin.o
LOAD e:/st/stm32cubeide_1.6.1/stm32cubeide/plugins/com.st.stm32cube.ide.mcu.externaltools.gnu-tools-for-stm32.9-2020-q2-update.win32_2.0.0.202105311346/tools/bin/../lib/gcc/arm-none-eabi/9.3.1/../../../../arm-none-eabi/lib/thumb/v7-m/nofp/crt0.o
LOAD ./Core/Src/example.o
LOAD ./Core/Src/main.o
LOAD ./Core/Src/nrf24l01.o
LOAD ./Core/Src/stm32f1xx_hal_msp.o
LOAD ./Core/Src/stm32f1xx_it.o
LOAD ./Core/Src/syscalls.o
LOAD ./Core/Src/sysmem.o
LOAD ./Core/Src/system_stm32f1xx.o
LOAD ./Core/Startup/startup_stm32f103c8tx.o
LOAD ./Drivers/STM32F1xx_HAL_Driver/Src/stm32f1xx_hal.o
LOAD ./Drivers/STM32F1xx_HAL_Driver/Src/stm32f1xx_hal_cortex.o
LOAD ./Drivers/STM32F1xx_HAL_Driver/Src/stm32f1xx_hal_dma.o
LOAD ./Drivers/STM32F1xx_HAL_Driver/Src/stm32f1xx_hal_exti.o
LOAD ./Drivers/STM32F1xx_HAL_Driver/Src/stm32f1xx_hal_flash.o
LOAD ./Drivers/STM32F1xx_HAL_Driver/Src/stm32f1xx_hal_flash_ex.o
LOAD ./Drivers/STM32F1xx_HAL_Driver/Src/stm32f1xx_hal_gpio.o
LOAD ./Drivers/STM32F1xx_HAL_Driver/Src/stm32f1xx_hal_gpio_ex.o
LOAD ./Drivers/STM32F1xx_HAL_Driver/Src/stm32f1xx_hal_pwr.o
LOAD ./Drivers/STM32F1xx_HAL_Driver/Src/stm32f1xx_hal_rcc.o
LOAD ./Drivers/STM32F1xx_HAL_Driver/Src/stm32f1xx_hal_rcc_ex.o
LOAD ./Drivers/STM32F1xx_HAL_Driver/Src/stm32f1xx_hal_spi.o
LOAD ./Drivers/STM32F1xx_HAL_Driver/Src/stm32f1xx_hal_tim.o
LOAD ./Drivers/STM32F1xx_HAL_Driver/Src/stm32f1xx_hal_tim_ex.o
LOAD ./Drivers/STM32F1xx_HAL_Driver/Src/stm32f1xx_hal_uart.o
START GROUP
LOAD e:/st/stm32cubeide_1.6.1/stm32cubeide/plugins/com.st.stm32cube.ide.mcu.externaltools.gnu-tools-for-stm32.9-2020-q2-update.win32_2.0.0.202105311346/tools/bin/../lib/gcc/arm-none-eabi/9.3.1/../../../../arm-none-eabi/lib/thumb/v7-m/nofp\libc_nano.a
LOAD e:/st/stm32cubeide_1.6.1/stm32cubeide/plugins/com.st.stm32cube.ide.mcu.externaltools.gnu-tools-for-stm32.9-2020-q2-update.win32_2.0.0.202105311346/tools/bin/../lib/gcc/arm-none-eabi/9.3.1/../../../../arm-none-eabi/lib/thumb/v7-m/nofp\libm.a
END GROUP
START GROUP
LOAD e:/st/stm32cubeide_1.6.1/stm32cubeide/plugins/com.st.stm32cube.ide.mcu.externaltools.gnu-tools-for-stm32.9-2020-q2-update.win32_2.0.0.202105311346/tools/bin/../lib/gcc/arm-none-eabi/9.3.1/thumb/v7-m/nofp\libgcc.a
LOAD e:/st/stm32cubeide_1.6.1/stm32cubeide/plugins/com.st.stm32cube.ide.mcu.externaltools.gnu-tools-for-stm32.9-2020-q2-update.win32_2.0.0.202105311346/tools/bin/../lib/gcc/arm-none-eabi/9.3.1/../../../../arm-none-eabi/lib/thumb/v7-m/nofp\libc_nano.a
END GROUP
START GROUP
LOAD e:/st/stm32cubeide_1.6.1/stm32cubeide/plugins/com.st.stm32cube.ide.mcu.externaltools.gnu-tools-for-stm32.9-2020-q2-update.win32_2.0.0.202105311346/tools/bin/../lib/gcc/arm-none-eabi/9.3.1/thumb/v7-m/nofp\libgcc.a
LOAD e:/st/stm32cubeide_1.6.1/stm32cubeide/plugins/com.st.stm32cube.ide.mcu.externaltools.gnu-tools-for-stm32.9-2020-q2-update.win32_2.0.0.202105311346/tools/bin/../lib/gcc/arm-none-eabi/9.3.1/../../../../arm-none-eabi/lib/thumb/v7-m/nofp\libc_nano.a
LOAD e:/st/stm32cubeide_1.6.1/stm32cubeide/plugins/com.st.stm32cube.ide.mcu.externaltools.gnu-tools-for-stm32.9-2020-q2-update.win32_2.0.0.202105311346/tools/bin/../lib/gcc/arm-none-eabi/9.3.1/../../../../arm-none-eabi/lib/thumb/v7-m/nofp\libnosys.a
END GROUP
START GROUP
LOAD e:/st/stm32cubeide_1.6.1/stm32cubeide/plugins/com.st.stm32cube.ide.mcu.externaltools.gnu-tools-for-stm32.9-2020-q2-update.win32_2.0.0.202105311346/tools/bin/../lib/gcc/arm-none-eabi/9.3.1/thumb/v7-m/nofp\libgcc.a
LOAD e:/st/stm32cubeide_1.6.1/stm32cubeide/plugins/com.st.stm32cube.ide.mcu.externaltools.gnu-tools-for-stm32.9-2020-q2-update.win32_2.0.0.202105311346/tools/bin/../lib/gcc/arm-none-eabi/9.3.1/../../../../arm-none-eabi/lib/thumb/v7-m/nofp\libc_nano.a
LOAD e:/st/stm32cubeide_1.6.1/stm32cubeide/plugins/com.st.stm32cube.ide.mcu.externaltools.gnu-tools-for-stm32.9-2020-q2-update.win32_2.0.0.202105311346/tools/bin/../lib/gcc/arm-none-eabi/9.3.1/../../../../arm-none-eabi/lib/thumb/v7-m/nofp\libnosys.a
END GROUP
LOAD e:/st/stm32cubeide_1.6.1/stm32cubeide/plugins/com.st.stm32cube.ide.mcu.externaltools.gnu-tools-for-stm32.9-2020-q2-update.win32_2.0.0.202105311346/tools/bin/../lib/gcc/arm-none-eabi/9.3.1/thumb/v7-m/nofp/crtend.o
LOAD e:/st/stm32cubeide_1.6.1/stm32cubeide/plugins/com.st.stm32cube.ide.mcu.externaltools.gnu-tools-for-stm32.9-2020-q2-update.win32_2.0.0.202105311346/tools/bin/../lib/gcc/arm-none-eabi/9.3.1/thumb/v7-m/nofp/crtn.o
                0x0000000020005000                _estack = (ORIGIN (RAM) + LENGTH (RAM))
                0x0000000000000200                _Min_Heap_Size = 0x200
                0x0000000000000400                _Min_Stack_Size = 0x400

.isr_vector     0x0000000008000000      0x10c
                0x0000000008000000                . = ALIGN (0x4)
 *(.isr_vector)
 .isr_vector    0x0000000008000000      0x10c ./Core/Startup/startup_stm32f103c8tx.o
                0x0000000008000000                g_pfnVectors
                0x000000000800010c                . = ALIGN (0x4)

.text           0x000000000800010c     0x31dc
                0x000000000800010c                . = ALIGN (0x4)
 *(.text)
 .text          0x000000000800010c       0x40 e:/st/stm32cubeide_1.6.1/stm32cubeide/plugins/com.st.stm32cube.ide.mcu.externaltools.gnu-tools-for-stm32.9-2020-q2-update.win32_2.0.0.202105311346/tools/bin/../lib/gcc/arm-none-eabi/9.3.1/thumb/v7-m/nofp/crtbegin.o
 *(.text*)
 .text.error    0x000000000800014c       0x1c ./Core/Src/example.o
 .text.example  0x0000000008000168       0xbc ./Core/Src/example.o
                0x0000000008000168                example
 .text.main     0x0000000008000224       0x1e ./Core/Src/main.o
                0x0000000008000224                main
 .text.SystemClock_Config
                0x0000000008000242       0x8a ./Core/Src/main.o
                0x0000000008000242                SystemClock_Config
 .text.MX_SPI1_Init
                0x00000000080002cc       0x6c ./Core/Src/main.o
 .text.MX_USART1_UART_Init
                0x0000000008000338       0x54 ./Core/Src/main.o
 .text.MX_GPIO_Init
                0x000000000800038c       0xd8 ./Core/Src/main.o
 .text.Error_Handler
                0x0000000008000464        0xa ./Core/Src/main.o
                0x0000000008000464                Error_Handler
 .text.ce_set   0x000000000800046e       0x20 ./Core/Src/nrf24l01.o
 .text.ce_reset
                0x000000000800048e       0x20 ./Core/Src/nrf24l01.o
 .text.csn_set  0x00000000080004ae       0x20 ./Core/Src/nrf24l01.o
 .text.csn_reset
                0x00000000080004ce       0x20 ./Core/Src/nrf24l01.o
 .text.nrf_init
                0x00000000080004ee      0x12c ./Core/Src/nrf24l01.o
                0x00000000080004ee                nrf_init
 .text.nrf_send_command
                0x000000000800061a      0x14c ./Core/Src/nrf24l01.o
                0x000000000800061a                nrf_send_command
 .text.nrf_read_register
                0x0000000008000766       0x38 ./Core/Src/nrf24l01.o
                0x0000000008000766                nrf_read_register
 .text.nrf_write_register
                0x000000000800079e       0x3e ./Core/Src/nrf24l01.o
                0x000000000800079e                nrf_write_register
 .text.nrf_write_tx_payload
                0x00000000080007dc       0x80 ./Core/Src/nrf24l01.o
                0x00000000080007dc                nrf_write_tx_payload
 .text.nrf_flush_rx
                0x000000000800085c       0x38 ./Core/Src/nrf24l01.o
                0x000000000800085c                nrf_flush_rx
 .text.nrf_set_data_rate
                0x0000000008000894       0x90 ./Core/Src/nrf24l01.o
                0x0000000008000894                nrf_set_data_rate
 .text.nrf_clear_interrupts
                0x0000000008000924       0x50 ./Core/Src/nrf24l01.o
                0x0000000008000924                nrf_clear_interrupts
 .text.nrf_set_rf_channel
                0x0000000008000974       0x62 ./Core/Src/nrf24l01.o
                0x0000000008000974                nrf_set_rf_channel
 .text.nrf_set_retransmittion_count
                0x00000000080009d6       0x6c ./Core/Src/nrf24l01.o
                0x00000000080009d6                nrf_set_retransmittion_count
 .text.nrf_set_retransmittion_delay
                0x0000000008000a42       0x74 ./Core/Src/nrf24l01.o
                0x0000000008000a42                nrf_set_retransmittion_delay
 .text.nrf_set_address_width
                0x0000000008000ab6       0x64 ./Core/Src/nrf24l01.o
                0x0000000008000ab6                nrf_set_address_width
 .text.nrf_set_rx_pipes
                0x0000000008000b1a       0x2c ./Core/Src/nrf24l01.o
                0x0000000008000b1a                nrf_set_rx_pipes
 .text.nrf_enable_auto_ack
                0x0000000008000b46       0x60 ./Core/Src/nrf24l01.o
                0x0000000008000b46                nrf_enable_auto_ack
 .text.nrf_enable_crc
                0x0000000008000ba6       0x66 ./Core/Src/nrf24l01.o
                0x0000000008000ba6                nrf_enable_crc
 .text.nrf_set_crc_width
                0x0000000008000c0c       0x6c ./Core/Src/nrf24l01.o
                0x0000000008000c0c                nrf_set_crc_width
 .text.nrf_power_up
                0x0000000008000c78       0x66 ./Core/Src/nrf24l01.o
                0x0000000008000c78                nrf_power_up
 .text.nrf_rx_tx_control
                0x0000000008000cde       0x66 ./Core/Src/nrf24l01.o
                0x0000000008000cde                nrf_rx_tx_control
 .text.nrf_enable_rx_data_ready_irq
                0x0000000008000d44       0x6c ./Core/Src/nrf24l01.o
                0x0000000008000d44                nrf_enable_rx_data_ready_irq
 .text.nrf_enable_tx_data_sent_irq
                0x0000000008000db0       0x6c ./Core/Src/nrf24l01.o
                0x0000000008000db0                nrf_enable_tx_data_sent_irq
 .text.nrf_enable_max_retransmit_irq
                0x0000000008000e1c       0x6c ./Core/Src/nrf24l01.o
                0x0000000008000e1c                nrf_enable_max_retransmit_irq
 .text.nrf_set_rx_address_p0
                0x0000000008000e88       0x36 ./Core/Src/nrf24l01.o
                0x0000000008000e88                nrf_set_rx_address_p0
 .text.nrf_set_rx_address_p1
                0x0000000008000ebe       0x36 ./Core/Src/nrf24l01.o
                0x0000000008000ebe                nrf_set_rx_address_p1
 .text.nrf_set_tx_address
                0x0000000008000ef4       0x36 ./Core/Src/nrf24l01.o
                0x0000000008000ef4                nrf_set_tx_address
 .text.nrf_set_rx_payload_width_p0
                0x0000000008000f2a       0x42 ./Core/Src/nrf24l01.o
                0x0000000008000f2a                nrf_set_rx_payload_width_p0
 .text.nrf_set_rx_payload_width_p1
                0x0000000008000f6c       0x42 ./Core/Src/nrf24l01.o
                0x0000000008000f6c                nrf_set_rx_payload_width_p1
 .text.nrf_send_packet
                0x0000000008000fae       0x4c ./Core/Src/nrf24l01.o
                0x0000000008000fae                nrf_send_packet
 .text.nrf_receive_packet
                0x0000000008000ffa       0x3e ./Core/Src/nrf24l01.o
                0x0000000008000ffa                nrf_receive_packet
 .text.HAL_MspInit
                0x0000000008001038       0x64 ./Core/Src/stm32f1xx_hal_msp.o
                0x0000000008001038                HAL_MspInit
 .text.HAL_SPI_MspInit
                0x000000000800109c       0xa4 ./Core/Src/stm32f1xx_hal_msp.o
                0x000000000800109c                HAL_SPI_MspInit
 .text.HAL_UART_MspInit
                0x0000000008001140       0xa8 ./Core/Src/stm32f1xx_hal_msp.o
                0x0000000008001140                HAL_UART_MspInit
 .text.NMI_Handler
                0x00000000080011e8        0x6 ./Core/Src/stm32f1xx_it.o
                0x00000000080011e8                NMI_Handler
 .text.HardFault_Handler
                0x00000000080011ee        0x6 ./Core/Src/stm32f1xx_it.o
                0x00000000080011ee                HardFault_Handler
 .text.MemManage_Handler
                0x00000000080011f4        0x6 ./Core/Src/stm32f1xx_it.o
                0x00000000080011f4                MemManage_Handler
 .text.BusFault_Handler
                0x00000000080011fa        0x6 ./Core/Src/stm32f1xx_it.o
                0x00000000080011fa                BusFault_Handler
 .text.UsageFault_Handler
                0x0000000008001200        0x6 ./Core/Src/stm32f1xx_it.o
                0x0000000008001200                UsageFault_Handler
 .text.SVC_Handler
                0x0000000008001206        0xc ./Core/Src/stm32f1xx_it.o
                0x0000000008001206                SVC_Handler
 .text.DebugMon_Handler
                0x0000000008001212        0xc ./Core/Src/stm32f1xx_it.o
                0x0000000008001212                DebugMon_Handler
 .text.PendSV_Handler
                0x000000000800121e        0xc ./Core/Src/stm32f1xx_it.o
                0x000000000800121e                PendSV_Handler
 .text.SysTick_Handler
                0x000000000800122a        0xc ./Core/Src/stm32f1xx_it.o
                0x000000000800122a                SysTick_Handler
 *fill*         0x0000000008001236        0x2 
 .text.SPI1_IRQHandler
                0x0000000008001238       0x14 ./Core/Src/stm32f1xx_it.o
                0x0000000008001238                SPI1_IRQHandler
 .text.USART1_IRQHandler
                0x000000000800124c       0x14 ./Core/Src/stm32f1xx_it.o
                0x000000000800124c                USART1_IRQHandler
 .text.SystemInit
                0x0000000008001260        0xc ./Core/Src/system_stm32f1xx.o
                0x0000000008001260                SystemInit
 .text.Reset_Handler
                0x000000000800126c       0x48 ./Core/Startup/startup_stm32f103c8tx.o
                0x000000000800126c                Reset_Handler
 .text.Default_Handler
                0x00000000080012b4        0x2 ./Core/Startup/startup_stm32f103c8tx.o
                0x00000000080012b4                RTC_Alarm_IRQHandler
                0x00000000080012b4                EXTI2_IRQHandler
                0x00000000080012b4                TIM1_CC_IRQHandler
                0x00000000080012b4                PVD_IRQHandler
                0x00000000080012b4                EXTI3_IRQHandler
                0x00000000080012b4                EXTI0_IRQHandler
                0x00000000080012b4                I2C2_EV_IRQHandler
                0x00000000080012b4                ADC1_2_IRQHandler
                0x00000000080012b4                TAMPER_IRQHandler
                0x00000000080012b4                DMA1_Channel4_IRQHandler
                0x00000000080012b4                USART3_IRQHandler
                0x00000000080012b4                RTC_IRQHandler
                0x00000000080012b4                DMA1_Channel7_IRQHandler
                0x00000000080012b4                CAN1_RX1_IRQHandler
                0x00000000080012b4                TIM4_IRQHandler
                0x00000000080012b4                I2C1_EV_IRQHandler
                0x00000000080012b4                DMA1_Channel6_IRQHandler
                0x00000000080012b4                TIM3_IRQHandler
                0x00000000080012b4                RCC_IRQHandler
                0x00000000080012b4                TIM1_TRG_COM_IRQHandler
                0x00000000080012b4                DMA1_Channel1_IRQHandler
                0x00000000080012b4                Default_Handler
                0x00000000080012b4                EXTI15_10_IRQHandler
                0x00000000080012b4                EXTI9_5_IRQHandler
                0x00000000080012b4                SPI2_IRQHandler
                0x00000000080012b4                DMA1_Channel5_IRQHandler
                0x00000000080012b4                EXTI4_IRQHandler
                0x00000000080012b4                USB_LP_CAN1_RX0_IRQHandler
                0x00000000080012b4                USB_HP_CAN1_TX_IRQHandler
                0x00000000080012b4                DMA1_Channel3_IRQHandler
                0x00000000080012b4                TIM1_UP_IRQHandler
                0x00000000080012b4                WWDG_IRQHandler
                0x00000000080012b4                TIM2_IRQHandler
                0x00000000080012b4                TIM1_BRK_IRQHandler
                0x00000000080012b4                EXTI1_IRQHandler
                0x00000000080012b4                USART2_IRQHandler
                0x00000000080012b4                I2C2_ER_IRQHandler
                0x00000000080012b4                DMA1_Channel2_IRQHandler
                0x00000000080012b4                CAN1_SCE_IRQHandler
                0x00000000080012b4                FLASH_IRQHandler
                0x00000000080012b4                I2C1_ER_IRQHandler
                0x00000000080012b4                USBWakeUp_IRQHandler
 *fill*         0x00000000080012b6        0x2 
 .text.HAL_Init
                0x00000000080012b8       0x2c ./Drivers/STM32F1xx_HAL_Driver/Src/stm32f1xx_hal.o
                0x00000000080012b8                HAL_Init
 .text.HAL_InitTick
                0x00000000080012e4       0x60 ./Drivers/STM32F1xx_HAL_Driver/Src/stm32f1xx_hal.o
                0x00000000080012e4                HAL_InitTick
 .text.HAL_IncTick
                0x0000000008001344       0x24 ./Drivers/STM32F1xx_HAL_Driver/Src/stm32f1xx_hal.o
                0x0000000008001344                HAL_IncTick
 .text.HAL_GetTick
                0x0000000008001368       0x14 ./Drivers/STM32F1xx_HAL_Driver/Src/stm32f1xx_hal.o
                0x0000000008001368                HAL_GetTick
 .text.HAL_Delay
                0x000000000800137c       0x48 ./Drivers/STM32F1xx_HAL_Driver/Src/stm32f1xx_hal.o
                0x000000000800137c                HAL_Delay
 .text.__NVIC_SetPriorityGrouping
                0x00000000080013c4       0x48 ./Drivers/STM32F1xx_HAL_Driver/Src/stm32f1xx_hal_cortex.o
 .text.__NVIC_GetPriorityGrouping
                0x000000000800140c       0x1c ./Drivers/STM32F1xx_HAL_Driver/Src/stm32f1xx_hal_cortex.o
 .text.__NVIC_EnableIRQ
                0x0000000008001428       0x38 ./Drivers/STM32F1xx_HAL_Driver/Src/stm32f1xx_hal_cortex.o
 .text.__NVIC_SetPriority
                0x0000000008001460       0x54 ./Drivers/STM32F1xx_HAL_Driver/Src/stm32f1xx_hal_cortex.o
 .text.NVIC_EncodePriority
                0x00000000080014b4       0x64 ./Drivers/STM32F1xx_HAL_Driver/Src/stm32f1xx_hal_cortex.o
 .text.SysTick_Config
                0x0000000008001518       0x44 ./Drivers/STM32F1xx_HAL_Driver/Src/stm32f1xx_hal_cortex.o
 .text.HAL_NVIC_SetPriorityGrouping
                0x000000000800155c       0x16 ./Drivers/STM32F1xx_HAL_Driver/Src/stm32f1xx_hal_cortex.o
                0x000000000800155c                HAL_NVIC_SetPriorityGrouping
 .text.HAL_NVIC_SetPriority
                0x0000000008001572       0x38 ./Drivers/STM32F1xx_HAL_Driver/Src/stm32f1xx_hal_cortex.o
                0x0000000008001572                HAL_NVIC_SetPriority
 .text.HAL_NVIC_EnableIRQ
                0x00000000080015aa       0x1c ./Drivers/STM32F1xx_HAL_Driver/Src/stm32f1xx_hal_cortex.o
                0x00000000080015aa                HAL_NVIC_EnableIRQ
 .text.HAL_SYSTICK_Config
                0x00000000080015c6       0x18 ./Drivers/STM32F1xx_HAL_Driver/Src/stm32f1xx_hal_cortex.o
                0x00000000080015c6                HAL_SYSTICK_Config
 .text.HAL_DMA_Abort
                0x00000000080015de       0x74 ./Drivers/STM32F1xx_HAL_Driver/Src/stm32f1xx_hal_dma.o
                0x00000000080015de                HAL_DMA_Abort
 *fill*         0x0000000008001652        0x2 
 .text.HAL_DMA_Abort_IT
                0x0000000008001654       0xec ./Drivers/STM32F1xx_HAL_Driver/Src/stm32f1xx_hal_dma.o
                0x0000000008001654                HAL_DMA_Abort_IT
 .text.HAL_GPIO_Init
                0x0000000008001740      0x308 ./Drivers/STM32F1xx_HAL_Driver/Src/stm32f1xx_hal_gpio.o
                0x0000000008001740                HAL_GPIO_Init
 .text.HAL_GPIO_WritePin
                0x0000000008001a48       0x30 ./Drivers/STM32F1xx_HAL_Driver/Src/stm32f1xx_hal_gpio.o
                0x0000000008001a48                HAL_GPIO_WritePin
 .text.HAL_GPIO_TogglePin
                0x0000000008001a78       0x32 ./Drivers/STM32F1xx_HAL_Driver/Src/stm32f1xx_hal_gpio.o
                0x0000000008001a78                HAL_GPIO_TogglePin
 *fill*         0x0000000008001aaa        0x2 
 .text.HAL_RCC_OscConfig
                0x0000000008001aac      0x500 ./Drivers/STM32F1xx_HAL_Driver/Src/stm32f1xx_hal_rcc.o
                0x0000000008001aac                HAL_RCC_OscConfig
 .text.HAL_RCC_ClockConfig
                0x0000000008001fac      0x1d4 ./Drivers/STM32F1xx_HAL_Driver/Src/stm32f1xx_hal_rcc.o
                0x0000000008001fac                HAL_RCC_ClockConfig
 .text.HAL_RCC_GetSysClockFreq
                0x0000000008002180       0xc0 ./Drivers/STM32F1xx_HAL_Driver/Src/stm32f1xx_hal_rcc.o
                0x0000000008002180                HAL_RCC_GetSysClockFreq
 .text.HAL_RCC_GetHCLKFreq
                0x0000000008002240       0x14 ./Drivers/STM32F1xx_HAL_Driver/Src/stm32f1xx_hal_rcc.o
                0x0000000008002240                HAL_RCC_GetHCLKFreq
 .text.HAL_RCC_GetPCLK1Freq
                0x0000000008002254       0x28 ./Drivers/STM32F1xx_HAL_Driver/Src/stm32f1xx_hal_rcc.o
                0x0000000008002254                HAL_RCC_GetPCLK1Freq
 .text.HAL_RCC_GetPCLK2Freq
                0x000000000800227c       0x28 ./Drivers/STM32F1xx_HAL_Driver/Src/stm32f1xx_hal_rcc.o
                0x000000000800227c                HAL_RCC_GetPCLK2Freq
 .text.RCC_Delay
                0x00000000080022a4       0x3c ./Drivers/STM32F1xx_HAL_Driver/Src/stm32f1xx_hal_rcc.o
 .text.HAL_SPI_Init
                0x00000000080022e0      0x108 ./Drivers/STM32F1xx_HAL_Driver/Src/stm32f1xx_hal_spi.o
                0x00000000080022e0                HAL_SPI_Init
 .text.HAL_SPI_TransmitReceive
                0x00000000080023e8      0x344 ./Drivers/STM32F1xx_HAL_Driver/Src/stm32f1xx_hal_spi.o
                0x00000000080023e8                HAL_SPI_TransmitReceive
 .text.HAL_SPI_IRQHandler
                0x000000000800272c      0x1cc ./Drivers/STM32F1xx_HAL_Driver/Src/stm32f1xx_hal_spi.o
                0x000000000800272c                HAL_SPI_IRQHandler
 .text.HAL_SPI_ErrorCallback
                0x00000000080028f8       0x12 ./Drivers/STM32F1xx_HAL_Driver/Src/stm32f1xx_hal_spi.o
                0x00000000080028f8                HAL_SPI_ErrorCallback
 .text.SPI_DMAAbortOnError
                0x000000000800290a       0x28 ./Drivers/STM32F1xx_HAL_Driver/Src/stm32f1xx_hal_spi.o
 *fill*         0x0000000008002932        0x2 
 .text.SPI_WaitFlagStateUntilTimeout
                0x0000000008002934      0x110 ./Drivers/STM32F1xx_HAL_Driver/Src/stm32f1xx_hal_spi.o
 .text.SPI_EndRxTxTransaction
                0x0000000008002a44       0x3c ./Drivers/STM32F1xx_HAL_Driver/Src/stm32f1xx_hal_spi.o
 .text.HAL_UART_Init
                0x0000000008002a80       0x9a ./Drivers/STM32F1xx_HAL_Driver/Src/stm32f1xx_hal_uart.o
                0x0000000008002a80                HAL_UART_Init
 *fill*         0x0000000008002b1a        0x2 
 .text.HAL_UART_IRQHandler
                0x0000000008002b1c      0x354 ./Drivers/STM32F1xx_HAL_Driver/Src/stm32f1xx_hal_uart.o
                0x0000000008002b1c                HAL_UART_IRQHandler
 .text.HAL_UART_TxCpltCallback
                0x0000000008002e70       0x12 ./Drivers/STM32F1xx_HAL_Driver/Src/stm32f1xx_hal_uart.o
                0x0000000008002e70                HAL_UART_TxCpltCallback
 .text.HAL_UART_RxCpltCallback
                0x0000000008002e82       0x12 ./Drivers/STM32F1xx_HAL_Driver/Src/stm32f1xx_hal_uart.o
                0x0000000008002e82                HAL_UART_RxCpltCallback
 .text.HAL_UART_ErrorCallback
                0x0000000008002e94       0x12 ./Drivers/STM32F1xx_HAL_Driver/Src/stm32f1xx_hal_uart.o
                0x0000000008002e94                HAL_UART_ErrorCallback
 .text.HAL_UARTEx_RxEventCallback
                0x0000000008002ea6       0x16 ./Drivers/STM32F1xx_HAL_Driver/Src/stm32f1xx_hal_uart.o
                0x0000000008002ea6                HAL_UARTEx_RxEventCallback
 .text.UART_EndRxTransfer
                0x0000000008002ebc       0x58 ./Drivers/STM32F1xx_HAL_Driver/Src/stm32f1xx_hal_uart.o
 .text.UART_DMAAbortOnError
                0x0000000008002f14       0x28 ./Drivers/STM32F1xx_HAL_Driver/Src/stm32f1xx_hal_uart.o
 .text.UART_Transmit_IT
                0x0000000008002f3c       0x9e ./Drivers/STM32F1xx_HAL_Driver/Src/stm32f1xx_hal_uart.o
 .text.UART_EndTransmit_IT
                0x0000000008002fda       0x30 ./Drivers/STM32F1xx_HAL_Driver/Src/stm32f1xx_hal_uart.o
 .text.UART_Receive_IT
                0x000000000800300a      0x152 ./Drivers/STM32F1xx_HAL_Driver/Src/stm32f1xx_hal_uart.o
 .text.UART_SetConfig
                0x000000000800315c      0x11c ./Drivers/STM32F1xx_HAL_Driver/Src/stm32f1xx_hal_uart.o
 .text.__libc_init_array
                0x0000000008003278       0x48 e:/st/stm32cubeide_1.6.1/stm32cubeide/plugins/com.st.stm32cube.ide.mcu.externaltools.gnu-tools-for-stm32.9-2020-q2-update.win32_2.0.0.202105311346/tools/bin/../lib/gcc/arm-none-eabi/9.3.1/../../../../arm-none-eabi/lib/thumb/v7-m/nofp\libc_nano.a(lib_a-init.o)
                0x0000000008003278                __libc_init_array
 .text.memset   0x00000000080032c0       0x10 e:/st/stm32cubeide_1.6.1/stm32cubeide/plugins/com.st.stm32cube.ide.mcu.externaltools.gnu-tools-for-stm32.9-2020-q2-update.win32_2.0.0.202105311346/tools/bin/../lib/gcc/arm-none-eabi/9.3.1/../../../../arm-none-eabi/lib/thumb/v7-m/nofp\libc_nano.a(lib_a-memset.o)
                0x00000000080032c0                memset
 *(.glue_7)
 .glue_7        0x00000000080032d0        0x0 linker stubs
 *(.glue_7t)
 .glue_7t       0x00000000080032d0        0x0 linker stubs
 *(.eh_frame)
 .eh_frame      0x00000000080032d0        0x0 e:/st/stm32cubeide_1.6.1/stm32cubeide/plugins/com.st.stm32cube.ide.mcu.externaltools.gnu-tools-for-stm32.9-2020-q2-update.win32_2.0.0.202105311346/tools/bin/../lib/gcc/arm-none-eabi/9.3.1/thumb/v7-m/nofp/crtbegin.o
 *(.init)
 .init          0x00000000080032d0        0x4 e:/st/stm32cubeide_1.6.1/stm32cubeide/plugins/com.st.stm32cube.ide.mcu.externaltools.gnu-tools-for-stm32.9-2020-q2-update.win32_2.0.0.202105311346/tools/bin/../lib/gcc/arm-none-eabi/9.3.1/thumb/v7-m/nofp/crti.o
                0x00000000080032d0                _init
 .init          0x00000000080032d4        0x8 e:/st/stm32cubeide_1.6.1/stm32cubeide/plugins/com.st.stm32cube.ide.mcu.externaltools.gnu-tools-for-stm32.9-2020-q2-update.win32_2.0.0.202105311346/tools/bin/../lib/gcc/arm-none-eabi/9.3.1/thumb/v7-m/nofp/crtn.o
 *(.fini)
 .fini          0x00000000080032dc        0x4 e:/st/stm32cubeide_1.6.1/stm32cubeide/plugins/com.st.stm32cube.ide.mcu.externaltools.gnu-tools-for-stm32.9-2020-q2-update.win32_2.0.0.202105311346/tools/bin/../lib/gcc/arm-none-eabi/9.3.1/thumb/v7-m/nofp/crti.o
                0x00000000080032dc                _fini
 .fini          0x00000000080032e0        0x8 e:/st/stm32cubeide_1.6.1/stm32cubeide/plugins/com.st.stm32cube.ide.mcu.externaltools.gnu-tools-for-stm32.9-2020-q2-update.win32_2.0.0.202105311346/tools/bin/../lib/gcc/arm-none-eabi/9.3.1/thumb/v7-m/nofp/crtn.o
                0x00000000080032e8                . = ALIGN (0x4)
                0x00000000080032e8                _etext = .

.vfp11_veneer   0x00000000080032e8        0x0
 .vfp11_veneer  0x00000000080032e8        0x0 linker stubs

.v4_bx          0x00000000080032e8        0x0
 .v4_bx         0x00000000080032e8        0x0 linker stubs

.iplt           0x00000000080032e8        0x0
 .iplt          0x00000000080032e8        0x0 e:/st/stm32cubeide_1.6.1/stm32cubeide/plugins/com.st.stm32cube.ide.mcu.externaltools.gnu-tools-for-stm32.9-2020-q2-update.win32_2.0.0.202105311346/tools/bin/../lib/gcc/arm-none-eabi/9.3.1/thumb/v7-m/nofp/crtbegin.o

.rodata         0x00000000080032e8       0x38
                0x00000000080032e8                . = ALIGN (0x4)
 *(.rodata)
 .rodata        0x00000000080032e8       0x10 ./Drivers/STM32F1xx_HAL_Driver/Src/stm32f1xx_hal_rcc.o
 *(.rodata*)
 .rodata.rx_address
                0x00000000080032f8        0x5 ./Core/Src/example.o
 *fill*         0x00000000080032fd        0x3 
 .rodata.tx_address
                0x0000000008003300        0x5 ./Core/Src/example.o
 *fill*         0x0000000008003305        0x3 
 .rodata.AHBPrescTable
                0x0000000008003308       0x10 ./Core/Src/system_stm32f1xx.o
                0x0000000008003308                AHBPrescTable
 .rodata.APBPrescTable
                0x0000000008003318        0x8 ./Core/Src/system_stm32f1xx.o
                0x0000000008003318                APBPrescTable
                0x0000000008003320                . = ALIGN (0x4)

.rel.dyn        0x0000000008003320        0x0
 .rel.iplt      0x0000000008003320        0x0 e:/st/stm32cubeide_1.6.1/stm32cubeide/plugins/com.st.stm32cube.ide.mcu.externaltools.gnu-tools-for-stm32.9-2020-q2-update.win32_2.0.0.202105311346/tools/bin/../lib/gcc/arm-none-eabi/9.3.1/thumb/v7-m/nofp/crtbegin.o

.ARM.extab      0x0000000008003320        0x0
                0x0000000008003320                . = ALIGN (0x4)
 *(.ARM.extab* .gnu.linkonce.armextab.*)
                0x0000000008003320                . = ALIGN (0x4)

.ARM            0x0000000008003320        0x0
                0x0000000008003320                . = ALIGN (0x4)
                0x0000000008003320                __exidx_start = .
 *(.ARM.exidx*)
                0x0000000008003320                __exidx_end = .
                0x0000000008003320                . = ALIGN (0x4)

.preinit_array  0x0000000008003320        0x0
                0x0000000008003320                . = ALIGN (0x4)
                0x0000000008003320                PROVIDE (__preinit_array_start = .)
 *(.preinit_array*)
                0x0000000008003320                PROVIDE (__preinit_array_end = .)
                0x0000000008003320                . = ALIGN (0x4)

.init_array     0x0000000008003320        0x4
                0x0000000008003320                . = ALIGN (0x4)
                0x0000000008003320                PROVIDE (__init_array_start = .)
 *(SORT_BY_NAME(.init_array.*))
 *(.init_array*)
 .init_array    0x0000000008003320        0x4 e:/st/stm32cubeide_1.6.1/stm32cubeide/plugins/com.st.stm32cube.ide.mcu.externaltools.gnu-tools-for-stm32.9-2020-q2-update.win32_2.0.0.202105311346/tools/bin/../lib/gcc/arm-none-eabi/9.3.1/thumb/v7-m/nofp/crtbegin.o
                0x0000000008003324                PROVIDE (__init_array_end = .)
                0x0000000008003324                . = ALIGN (0x4)

.fini_array     0x0000000008003324        0x4
                0x0000000008003324                . = ALIGN (0x4)
                [!provide]                        PROVIDE (__fini_array_start = .)
 *(SORT_BY_NAME(.fini_array.*))
 *(.fini_array*)
 .fini_array    0x0000000008003324        0x4 e:/st/stm32cubeide_1.6.1/stm32cubeide/plugins/com.st.stm32cube.ide.mcu.externaltools.gnu-tools-for-stm32.9-2020-q2-update.win32_2.0.0.202105311346/tools/bin/../lib/gcc/arm-none-eabi/9.3.1/thumb/v7-m/nofp/crtbegin.o
                [!provide]                        PROVIDE (__fini_array_end = .)
                0x0000000008003328                . = ALIGN (0x4)
                0x0000000008003328                _sidata = LOADADDR (.data)

.data           0x0000000020000000        0xc load address 0x0000000008003328
                0x0000000020000000                . = ALIGN (0x4)
                0x0000000020000000                _sdata = .
 *(.data)
 *(.data*)
 .data.SystemCoreClock
                0x0000000020000000        0x4 ./Core/Src/system_stm32f1xx.o
                0x0000000020000000                SystemCoreClock
 .data.uwTickPrio
                0x0000000020000004        0x4 ./Drivers/STM32F1xx_HAL_Driver/Src/stm32f1xx_hal.o
                0x0000000020000004                uwTickPrio
 .data.uwTickFreq
                0x0000000020000008        0x1 ./Drivers/STM32F1xx_HAL_Driver/Src/stm32f1xx_hal.o
                0x0000000020000008                uwTickFreq
 *(.RamFunc)
 *(.RamFunc*)
                0x000000002000000c                . = ALIGN (0x4)
 *fill*         0x0000000020000009        0x3 
                0x000000002000000c                _edata = .

.igot.plt       0x000000002000000c        0x0 load address 0x0000000008003334
 .igot.plt      0x000000002000000c        0x0 e:/st/stm32cubeide_1.6.1/stm32cubeide/plugins/com.st.stm32cube.ide.mcu.externaltools.gnu-tools-for-stm32.9-2020-q2-update.win32_2.0.0.202105311346/tools/bin/../lib/gcc/arm-none-eabi/9.3.1/thumb/v7-m/nofp/crtbegin.o
                0x000000002000000c                . = ALIGN (0x4)

.bss            0x000000002000000c       0xbc load address 0x0000000008003334
                0x000000002000000c                _sbss = .
                0x000000002000000c                __bss_start__ = _sbss
 *(.bss)
 .bss           0x000000002000000c       0x1c e:/st/stm32cubeide_1.6.1/stm32cubeide/plugins/com.st.stm32cube.ide.mcu.externaltools.gnu-tools-for-stm32.9-2020-q2-update.win32_2.0.0.202105311346/tools/bin/../lib/gcc/arm-none-eabi/9.3.1/thumb/v7-m/nofp/crtbegin.o
 *(.bss*)
 *(COMMON)
 COMMON         0x0000000020000028       0x9c ./Core/Src/main.o
                0x0000000020000028                huart1
                0x000000002000006c                hspi1
 COMMON         0x00000000200000c4        0x4 ./Drivers/STM32F1xx_HAL_Driver/Src/stm32f1xx_hal.o
                0x00000000200000c4                uwTick
                0x00000000200000c8                . = ALIGN (0x4)
                0x00000000200000c8                _ebss = .
                0x00000000200000c8                __bss_end__ = _ebss

._user_heap_stack
                0x00000000200000c8      0x600 load address 0x0000000008003334
                0x00000000200000c8                . = ALIGN (0x8)
                [!provide]                        PROVIDE (end = .)
                0x00000000200000c8                PROVIDE (_end = .)
                0x00000000200002c8                . = (. + _Min_Heap_Size)
 *fill*         0x00000000200000c8      0x200 
                0x00000000200006c8                . = (. + _Min_Stack_Size)
 *fill*         0x00000000200002c8      0x400 
                0x00000000200006c8                . = ALIGN (0x8)

/DISCARD/
 libc.a(*)
 libm.a(*)
 libgcc.a(*)

.ARM.attributes
                0x0000000000000000       0x29
 *(.ARM.attributes)
 .ARM.attributes
                0x0000000000000000       0x1d e:/st/stm32cubeide_1.6.1/stm32cubeide/plugins/com.st.stm32cube.ide.mcu.externaltools.gnu-tools-for-stm32.9-2020-q2-update.win32_2.0.0.202105311346/tools/bin/../lib/gcc/arm-none-eabi/9.3.1/thumb/v7-m/nofp/crti.o
 .ARM.attributes
                0x000000000000001d       0x2d e:/st/stm32cubeide_1.6.1/stm32cubeide/plugins/com.st.stm32cube.ide.mcu.externaltools.gnu-tools-for-stm32.9-2020-q2-update.win32_2.0.0.202105311346/tools/bin/../lib/gcc/arm-none-eabi/9.3.1/thumb/v7-m/nofp/crtbegin.o
 .ARM.attributes
                0x000000000000004a       0x2d ./Core/Src/example.o
 .ARM.attributes
                0x0000000000000077       0x2d ./Core/Src/main.o
 .ARM.attributes
                0x00000000000000a4       0x2d ./Core/Src/nrf24l01.o
 .ARM.attributes
                0x00000000000000d1       0x2d ./Core/Src/stm32f1xx_hal_msp.o
 .ARM.attributes
                0x00000000000000fe       0x2d ./Core/Src/stm32f1xx_it.o
 .ARM.attributes
                0x000000000000012b       0x2d ./Core/Src/system_stm32f1xx.o
 .ARM.attributes
                0x0000000000000158       0x21 ./Core/Startup/startup_stm32f103c8tx.o
 .ARM.attributes
                0x0000000000000179       0x2d ./Drivers/STM32F1xx_HAL_Driver/Src/stm32f1xx_hal.o
 .ARM.attributes
                0x00000000000001a6       0x2d ./Drivers/STM32F1xx_HAL_Driver/Src/stm32f1xx_hal_cortex.o
 .ARM.attributes
                0x00000000000001d3       0x2d ./Drivers/STM32F1xx_HAL_Driver/Src/stm32f1xx_hal_dma.o
 .ARM.attributes
                0x0000000000000200       0x2d ./Drivers/STM32F1xx_HAL_Driver/Src/stm32f1xx_hal_gpio.o
 .ARM.attributes
                0x000000000000022d       0x2d ./Drivers/STM32F1xx_HAL_Driver/Src/stm32f1xx_hal_rcc.o
 .ARM.attributes
                0x000000000000025a       0x2d ./Drivers/STM32F1xx_HAL_Driver/Src/stm32f1xx_hal_spi.o
 .ARM.attributes
                0x0000000000000287       0x2d ./Drivers/STM32F1xx_HAL_Driver/Src/stm32f1xx_hal_uart.o
 .ARM.attributes
                0x00000000000002b4       0x2d e:/st/stm32cubeide_1.6.1/stm32cubeide/plugins/com.st.stm32cube.ide.mcu.externaltools.gnu-tools-for-stm32.9-2020-q2-update.win32_2.0.0.202105311346/tools/bin/../lib/gcc/arm-none-eabi/9.3.1/../../../../arm-none-eabi/lib/thumb/v7-m/nofp\libc_nano.a(lib_a-init.o)
 .ARM.attributes
                0x00000000000002e1       0x2d e:/st/stm32cubeide_1.6.1/stm32cubeide/plugins/com.st.stm32cube.ide.mcu.externaltools.gnu-tools-for-stm32.9-2020-q2-update.win32_2.0.0.202105311346/tools/bin/../lib/gcc/arm-none-eabi/9.3.1/../../../../arm-none-eabi/lib/thumb/v7-m/nofp\libc_nano.a(lib_a-memset.o)
 .ARM.attributes
                0x000000000000030e       0x1d e:/st/stm32cubeide_1.6.1/stm32cubeide/plugins/com.st.stm32cube.ide.mcu.externaltools.gnu-tools-for-stm32.9-2020-q2-update.win32_2.0.0.202105311346/tools/bin/../lib/gcc/arm-none-eabi/9.3.1/thumb/v7-m/nofp/crtn.o
OUTPUT(Bluepil.elf elf32-littlearm)
LOAD linker stubs
LOAD e:/st/stm32cubeide_1.6.1/stm32cubeide/plugins/com.st.stm32cube.ide.mcu.externaltools.gnu-tools-for-stm32.9-2020-q2-update.win32_2.0.0.202105311346/tools/bin/../lib/gcc/arm-none-eabi/9.3.1/../../../../arm-none-eabi/lib/thumb/v7-m/nofp\libc.a
LOAD e:/st/stm32cubeide_1.6.1/stm32cubeide/plugins/com.st.stm32cube.ide.mcu.externaltools.gnu-tools-for-stm32.9-2020-q2-update.win32_2.0.0.202105311346/tools/bin/../lib/gcc/arm-none-eabi/9.3.1/../../../../arm-none-eabi/lib/thumb/v7-m/nofp\libm.a
LOAD e:/st/stm32cubeide_1.6.1/stm32cubeide/plugins/com.st.stm32cube.ide.mcu.externaltools.gnu-tools-for-stm32.9-2020-q2-update.win32_2.0.0.202105311346/tools/bin/../lib/gcc/arm-none-eabi/9.3.1/thumb/v7-m/nofp\libgcc.a

.debug_info     0x0000000000000000     0x9e04
 .debug_info    0x0000000000000000      0xa06 ./Core/Src/example.o
 .debug_info    0x0000000000000a06      0xc84 ./Core/Src/main.o
 .debug_info    0x000000000000168a     0x1651 ./Core/Src/nrf24l01.o
 .debug_info    0x0000000000002cdb      0xd2a ./Core/Src/stm32f1xx_hal_msp.o
 .debug_info    0x0000000000003a05      0x953 ./Core/Src/stm32f1xx_it.o
 .debug_info    0x0000000000004358      0x2be ./Core/Src/system_stm32f1xx.o
 .debug_info    0x0000000000004616       0x22 ./Core/Startup/startup_stm32f103c8tx.o
 .debug_info    0x0000000000004638      0x76a ./Drivers/STM32F1xx_HAL_Driver/Src/stm32f1xx_hal.o
 .debug_info    0x0000000000004da2      0xbdc ./Drivers/STM32F1xx_HAL_Driver/Src/stm32f1xx_hal_cortex.o
 .debug_info    0x000000000000597e      0x81e ./Drivers/STM32F1xx_HAL_Driver/Src/stm32f1xx_hal_dma.o
 .debug_info    0x000000000000619c      0x701 ./Drivers/STM32F1xx_HAL_Driver/Src/stm32f1xx_hal_gpio.o
 .debug_info    0x000000000000689d      0x88e ./Drivers/STM32F1xx_HAL_Driver/Src/stm32f1xx_hal_rcc.o
 .debug_info    0x000000000000712b     0x16bf ./Drivers/STM32F1xx_HAL_Driver/Src/stm32f1xx_hal_spi.o
 .debug_info    0x00000000000087ea     0x161a ./Drivers/STM32F1xx_HAL_Driver/Src/stm32f1xx_hal_uart.o

.debug_abbrev   0x0000000000000000     0x1b49
 .debug_abbrev  0x0000000000000000      0x19b ./Core/Src/example.o
 .debug_abbrev  0x000000000000019b      0x23a ./Core/Src/main.o
 .debug_abbrev  0x00000000000003d5      0x26f ./Core/Src/nrf24l01.o
 .debug_abbrev  0x0000000000000644      0x1b5 ./Core/Src/stm32f1xx_hal_msp.o
 .debug_abbrev  0x00000000000007f9      0x174 ./Core/Src/stm32f1xx_it.o
 .debug_abbrev  0x000000000000096d      0x14e ./Core/Src/system_stm32f1xx.o
 .debug_abbrev  0x0000000000000abb       0x12 ./Core/Startup/startup_stm32f103c8tx.o
 .debug_abbrev  0x0000000000000acd      0x1ed ./Drivers/STM32F1xx_HAL_Driver/Src/stm32f1xx_hal.o
 .debug_abbrev  0x0000000000000cba      0x313 ./Drivers/STM32F1xx_HAL_Driver/Src/stm32f1xx_hal_cortex.o
 .debug_abbrev  0x0000000000000fcd      0x228 ./Drivers/STM32F1xx_HAL_Driver/Src/stm32f1xx_hal_dma.o
 .debug_abbrev  0x00000000000011f5      0x1e8 ./Drivers/STM32F1xx_HAL_Driver/Src/stm32f1xx_hal_gpio.o
 .debug_abbrev  0x00000000000013dd      0x273 ./Drivers/STM32F1xx_HAL_Driver/Src/stm32f1xx_hal_rcc.o
 .debug_abbrev  0x0000000000001650      0x26e ./Drivers/STM32F1xx_HAL_Driver/Src/stm32f1xx_hal_spi.o
 .debug_abbrev  0x00000000000018be      0x28b ./Drivers/STM32F1xx_HAL_Driver/Src/stm32f1xx_hal_uart.o

.debug_aranges  0x0000000000000000      0x9e8
 .debug_aranges
                0x0000000000000000       0x28 ./Core/Src/example.o
 .debug_aranges
                0x0000000000000028       0x48 ./Core/Src/main.o
 .debug_aranges
                0x0000000000000070      0x160 ./Core/Src/nrf24l01.o
 .debug_aranges
                0x00000000000001d0       0x40 ./Core/Src/stm32f1xx_hal_msp.o
 .debug_aranges
                0x0000000000000210       0x70 ./Core/Src/stm32f1xx_it.o
 .debug_aranges
                0x0000000000000280       0x28 ./Core/Src/system_stm32f1xx.o
 .debug_aranges
                0x00000000000002a8       0x28 ./Core/Startup/startup_stm32f103c8tx.o
 .debug_aranges
                0x00000000000002d0       0xe0 ./Drivers/STM32F1xx_HAL_Driver/Src/stm32f1xx_hal.o
 .debug_aranges
                0x00000000000003b0      0x100 ./Drivers/STM32F1xx_HAL_Driver/Src/stm32f1xx_hal_cortex.o
 .debug_aranges
                0x00000000000004b0       0x80 ./Drivers/STM32F1xx_HAL_Driver/Src/stm32f1xx_hal_dma.o
 .debug_aranges
                0x0000000000000530       0x58 ./Drivers/STM32F1xx_HAL_Driver/Src/stm32f1xx_hal_gpio.o
 .debug_aranges
                0x0000000000000588       0x90 ./Drivers/STM32F1xx_HAL_Driver/Src/stm32f1xx_hal_rcc.o
 .debug_aranges
                0x0000000000000618      0x1d0 ./Drivers/STM32F1xx_HAL_Driver/Src/stm32f1xx_hal_spi.o
 .debug_aranges
                0x00000000000007e8      0x200 ./Drivers/STM32F1xx_HAL_Driver/Src/stm32f1xx_hal_uart.o

.debug_ranges   0x0000000000000000      0x940
 .debug_ranges  0x0000000000000000       0x18 ./Core/Src/example.o
 .debug_ranges  0x0000000000000018       0x38 ./Core/Src/main.o
 .debug_ranges  0x0000000000000050      0x150 ./Core/Src/nrf24l01.o
 .debug_ranges  0x00000000000001a0       0x30 ./Core/Src/stm32f1xx_hal_msp.o
 .debug_ranges  0x00000000000001d0       0x60 ./Core/Src/stm32f1xx_it.o
 .debug_ranges  0x0000000000000230       0x18 ./Core/Src/system_stm32f1xx.o
 .debug_ranges  0x0000000000000248       0x20 ./Core/Startup/startup_stm32f103c8tx.o
 .debug_ranges  0x0000000000000268       0xd0 ./Drivers/STM32F1xx_HAL_Driver/Src/stm32f1xx_hal.o
 .debug_ranges  0x0000000000000338       0xf0 ./Drivers/STM32F1xx_HAL_Driver/Src/stm32f1xx_hal_cortex.o
 .debug_ranges  0x0000000000000428       0x70 ./Drivers/STM32F1xx_HAL_Driver/Src/stm32f1xx_hal_dma.o
 .debug_ranges  0x0000000000000498       0x48 ./Drivers/STM32F1xx_HAL_Driver/Src/stm32f1xx_hal_gpio.o
 .debug_ranges  0x00000000000004e0       0x80 ./Drivers/STM32F1xx_HAL_Driver/Src/stm32f1xx_hal_rcc.o
 .debug_ranges  0x0000000000000560      0x1c0 ./Drivers/STM32F1xx_HAL_Driver/Src/stm32f1xx_hal_spi.o
 .debug_ranges  0x0000000000000720      0x220 ./Drivers/STM32F1xx_HAL_Driver/Src/stm32f1xx_hal_uart.o

.debug_macro    0x0000000000000000    0x16660
 .debug_macro   0x0000000000000000      0x1af ./Core/Src/example.o
 .debug_macro   0x00000000000001af      0xa9c ./Core/Src/example.o
 .debug_macro   0x0000000000000c4b      0x21b ./Core/Src/example.o
 .debug_macro   0x0000000000000e66       0x2e ./Core/Src/example.o
 .debug_macro   0x0000000000000e94       0x22 ./Core/Src/example.o
 .debug_macro   0x0000000000000eb6       0x22 ./Core/Src/example.o
 .debug_macro   0x0000000000000ed8       0x8e ./Core/Src/example.o
 .debug_macro   0x0000000000000f66       0x51 ./Core/Src/example.o
 .debug_macro   0x0000000000000fb7      0x103 ./Core/Src/example.o
 .debug_macro   0x00000000000010ba       0x6a ./Core/Src/example.o
 .debug_macro   0x0000000000001124      0x1df ./Core/Src/example.o
 .debug_macro   0x0000000000001303       0x1c ./Core/Src/example.o
 .debug_macro   0x000000000000131f       0x22 ./Core/Src/example.o
 .debug_macro   0x0000000000001341       0xc3 ./Core/Src/example.o
 .debug_macro   0x0000000000001404      0xd23 ./Core/Src/example.o
 .debug_macro   0x0000000000002127     0xe09e ./Core/Src/example.o
 .debug_macro   0x00000000000101c5       0x6d ./Core/Src/example.o
 .debug_macro   0x0000000000010232     0x3468 ./Core/Src/example.o
 .debug_macro   0x000000000001369a      0x174 ./Core/Src/example.o
 .debug_macro   0x000000000001380e       0x5c ./Core/Src/example.o
 .debug_macro   0x000000000001386a      0x5be ./Core/Src/example.o
 .debug_macro   0x0000000000013e28      0x289 ./Core/Src/example.o
 .debug_macro   0x00000000000140b1      0x1cb ./Core/Src/example.o
 .debug_macro   0x000000000001427c      0x114 ./Core/Src/example.o
 .debug_macro   0x0000000000014390      0x1b2 ./Core/Src/example.o
 .debug_macro   0x0000000000014542       0x27 ./Core/Src/example.o
 .debug_macro   0x0000000000014569      0x136 ./Core/Src/example.o
 .debug_macro   0x000000000001469f      0x1bc ./Core/Src/example.o
 .debug_macro   0x000000000001485b       0x34 ./Core/Src/example.o
 .debug_macro   0x000000000001488f       0x3c ./Core/Src/example.o
 .debug_macro   0x00000000000148cb       0x57 ./Core/Src/example.o
 .debug_macro   0x0000000000014922       0x88 ./Core/Src/example.o
 .debug_macro   0x00000000000149aa      0x241 ./Core/Src/example.o
 .debug_macro   0x0000000000014beb      0x141 ./Core/Src/example.o
 .debug_macro   0x0000000000014d2c      0x217 ./Core/Src/example.o
 .debug_macro   0x0000000000014f43      0x279 ./Core/Src/example.o
 .debug_macro   0x00000000000151bc       0x83 ./Core/Src/example.o
 .debug_macro   0x000000000001523f       0x22 ./Core/Src/example.o
 .debug_macro   0x0000000000015261      0x1a2 ./Core/Src/main.o
 .debug_macro   0x0000000000015403      0x1a5 ./Core/Src/nrf24l01.o
 .debug_macro   0x00000000000155a8      0x1a2 ./Core/Src/stm32f1xx_hal_msp.o
 .debug_macro   0x000000000001574a      0x1ac ./Core/Src/stm32f1xx_it.o
 .debug_macro   0x00000000000158f6      0x198 ./Core/Src/system_stm32f1xx.o
 .debug_macro   0x0000000000015a8e      0x1bc ./Drivers/STM32F1xx_HAL_Driver/Src/stm32f1xx_hal.o
 .debug_macro   0x0000000000015c4a      0x198 ./Drivers/STM32F1xx_HAL_Driver/Src/stm32f1xx_hal_cortex.o
 .debug_macro   0x0000000000015de2      0x198 ./Drivers/STM32F1xx_HAL_Driver/Src/stm32f1xx_hal_dma.o
 .debug_macro   0x0000000000015f7a      0x203 ./Drivers/STM32F1xx_HAL_Driver/Src/stm32f1xx_hal_gpio.o
 .debug_macro   0x000000000001617d      0x1aa ./Drivers/STM32F1xx_HAL_Driver/Src/stm32f1xx_hal_rcc.o
 .debug_macro   0x0000000000016327      0x1a0 ./Drivers/STM32F1xx_HAL_Driver/Src/stm32f1xx_hal_spi.o
 .debug_macro   0x00000000000164c7      0x199 ./Drivers/STM32F1xx_HAL_Driver/Src/stm32f1xx_hal_uart.o

.debug_line     0x0000000000000000     0xa061
 .debug_line    0x0000000000000000      0x6c0 ./Core/Src/example.o
 .debug_line    0x00000000000006c0      0x793 ./Core/Src/main.o
 .debug_line    0x0000000000000e53      0xe9a ./Core/Src/nrf24l01.o
 .debug_line    0x0000000000001ced      0x710 ./Core/Src/stm32f1xx_hal_msp.o
 .debug_line    0x00000000000023fd      0x755 ./Core/Src/stm32f1xx_it.o
 .debug_line    0x0000000000002b52      0x6e1 ./Core/Src/system_stm32f1xx.o
 .debug_line    0x0000000000003233       0x87 ./Core/Startup/startup_stm32f103c8tx.o
 .debug_line    0x00000000000032ba      0x90e ./Drivers/STM32F1xx_HAL_Driver/Src/stm32f1xx_hal.o
 .debug_line    0x0000000000003bc8      0xaf6 ./Drivers/STM32F1xx_HAL_Driver/Src/stm32f1xx_hal_cortex.o
 .debug_line    0x00000000000046be      0xd66 ./Drivers/STM32F1xx_HAL_Driver/Src/stm32f1xx_hal_dma.o
 .debug_line    0x0000000000005424      0x9a5 ./Drivers/STM32F1xx_HAL_Driver/Src/stm32f1xx_hal_gpio.o
 .debug_line    0x0000000000005dc9      0xd1c ./Drivers/STM32F1xx_HAL_Driver/Src/stm32f1xx_hal_rcc.o
 .debug_line    0x0000000000006ae5     0x1b93 ./Drivers/STM32F1xx_HAL_Driver/Src/stm32f1xx_hal_spi.o
 .debug_line    0x0000000000008678     0x19e9 ./Drivers/STM32F1xx_HAL_Driver/Src/stm32f1xx_hal_uart.o

.debug_str      0x0000000000000000    0x8053d
 .debug_str     0x0000000000000000    0x7deb9 ./Core/Src/example.o
                                      0x7e286 (size before relaxing)
 .debug_str     0x000000000007deb9      0x3ab ./Core/Src/main.o
                                      0x7e36e (size before relaxing)
 .debug_str     0x000000000007e264      0x59a ./Core/Src/nrf24l01.o
                                      0x7e85e (size before relaxing)
 .debug_str     0x000000000007e7fe      0x30f ./Core/Src/stm32f1xx_hal_msp.o
                                      0x7e512 (size before relaxing)
 .debug_str     0x000000000007eb0d       0xdf ./Core/Src/stm32f1xx_it.o
                                      0x7e1f5 (size before relaxing)
 .debug_str     0x000000000007ebec       0x52 ./Core/Src/system_stm32f1xx.o
                                      0x7dc52 (size before relaxing)
 .debug_str     0x000000000007ec3e       0x36 ./Core/Startup/startup_stm32f103c8tx.o
                                         0x70 (size before relaxing)
 .debug_str     0x000000000007ec74      0x2fa ./Drivers/STM32F1xx_HAL_Driver/Src/stm32f1xx_hal.o
                                      0x7e2e3 (size before relaxing)
 .debug_str     0x000000000007ef6e      0x300 ./Drivers/STM32F1xx_HAL_Driver/Src/stm32f1xx_hal_cortex.o
                                      0x7e2eb (size before relaxing)
 .debug_str     0x000000000007f26e      0x23a ./Drivers/STM32F1xx_HAL_Driver/Src/stm32f1xx_hal_dma.o
                                      0x7e02d (size before relaxing)
 .debug_str     0x000000000007f4a8      0x31f ./Drivers/STM32F1xx_HAL_Driver/Src/stm32f1xx_hal_gpio.o
                                      0x7e016 (size before relaxing)
 .debug_str     0x000000000007f7c7      0x24f ./Drivers/STM32F1xx_HAL_Driver/Src/stm32f1xx_hal_rcc.o
                                      0x7e04f (size before relaxing)
 .debug_str     0x000000000007fa16      0x543 ./Drivers/STM32F1xx_HAL_Driver/Src/stm32f1xx_hal_spi.o
                                      0x7e55e (size before relaxing)
 .debug_str     0x000000000007ff59      0x5e4 ./Drivers/STM32F1xx_HAL_Driver/Src/stm32f1xx_hal_uart.o
                                      0x7e641 (size before relaxing)

.comment        0x0000000000000000       0x53
 .comment       0x0000000000000000       0x53 ./Core/Src/example.o
                                         0x54 (size before relaxing)
 .comment       0x0000000000000053       0x54 ./Core/Src/main.o
 .comment       0x0000000000000053       0x54 ./Core/Src/nrf24l01.o
 .comment       0x0000000000000053       0x54 ./Core/Src/stm32f1xx_hal_msp.o
 .comment       0x0000000000000053       0x54 ./Core/Src/stm32f1xx_it.o
 .comment       0x0000000000000053       0x54 ./Core/Src/system_stm32f1xx.o
 .comment       0x0000000000000053       0x54 ./Drivers/STM32F1xx_HAL_Driver/Src/stm32f1xx_hal.o
 .comment       0x0000000000000053       0x54 ./Drivers/STM32F1xx_HAL_Driver/Src/stm32f1xx_hal_cortex.o
 .comment       0x0000000000000053       0x54 ./Drivers/STM32F1xx_HAL_Driver/Src/stm32f1xx_hal_dma.o
 .comment       0x0000000000000053       0x54 ./Drivers/STM32F1xx_HAL_Driver/Src/stm32f1xx_hal_gpio.o
 .comment       0x0000000000000053       0x54 ./Drivers/STM32F1xx_HAL_Driver/Src/stm32f1xx_hal_rcc.o
 .comment       0x0000000000000053       0x54 ./Drivers/STM32F1xx_HAL_Driver/Src/stm32f1xx_hal_spi.o
 .comment       0x0000000000000053       0x54 ./Drivers/STM32F1xx_HAL_Driver/Src/stm32f1xx_hal_uart.o

.debug_frame    0x0000000000000000     0x27ac
 .debug_frame   0x0000000000000000       0x4c ./Core/Src/example.o
 .debug_frame   0x000000000000004c       0xc4 ./Core/Src/main.o
 .debug_frame   0x0000000000000110      0x5f0 ./Core/Src/nrf24l01.o
 .debug_frame   0x0000000000000700       0xc8 ./Core/Src/stm32f1xx_hal_msp.o
 .debug_frame   0x00000000000007c8      0x13c ./Core/Src/stm32f1xx_it.o
 .debug_frame   0x0000000000000904       0x58 ./Core/Src/system_stm32f1xx.o
 .debug_frame   0x000000000000095c      0x334 ./Drivers/STM32F1xx_HAL_Driver/Src/stm32f1xx_hal.o
 .debug_frame   0x0000000000000c90      0x428 ./Drivers/STM32F1xx_HAL_Driver/Src/stm32f1xx_hal_cortex.o
 .debug_frame   0x00000000000010b8      0x208 ./Drivers/STM32F1xx_HAL_Driver/Src/stm32f1xx_hal_dma.o
 .debug_frame   0x00000000000012c0      0x14c ./Drivers/STM32F1xx_HAL_Driver/Src/stm32f1xx_hal_gpio.o
 .debug_frame   0x000000000000140c      0x21c ./Drivers/STM32F1xx_HAL_Driver/Src/stm32f1xx_hal_rcc.o
 .debug_frame   0x0000000000001628      0x824 ./Drivers/STM32F1xx_HAL_Driver/Src/stm32f1xx_hal_spi.o
 .debug_frame   0x0000000000001e4c      0x914 ./Drivers/STM32F1xx_HAL_Driver/Src/stm32f1xx_hal_uart.o
 .debug_frame   0x0000000000002760       0x2c e:/st/stm32cubeide_1.6.1/stm32cubeide/plugins/com.st.stm32cube.ide.mcu.externaltools.gnu-tools-for-stm32.9-2020-q2-update.win32_2.0.0.202105311346/tools/bin/../lib/gcc/arm-none-eabi/9.3.1/../../../../arm-none-eabi/lib/thumb/v7-m/nofp\libc_nano.a(lib_a-init.o)
 .debug_frame   0x000000000000278c       0x20 e:/st/stm32cubeide_1.6.1/stm32cubeide/plugins/com.st.stm32cube.ide.mcu.externaltools.gnu-tools-for-stm32.9-2020-q2-update.win32_2.0.0.202105311346/tools/bin/../lib/gcc/arm-none-eabi/9.3.1/../../../../arm-none-eabi/lib/thumb/v7-m/nofp\libc_nano.a(lib_a-memset.o)
